[setup] Creando entorno virtual en /home/ceph/gcabrera/Lab3-CivicMesh/.venv...
[setup] Actualizando pip...
Requirement already satisfied: pip in ./.venv/lib/python3.10/site-packages (26.2.1)
[setup] Instalando dependencias (civicmesh, streamlit, pandas, pytest)...
Obtaining file:///home/ceph/gcabrera/Lab3-CivicMesh
  Installing build dependencies: started
  Installing build dependencies: finished with status 'done'
  Checking if build backend supports build_editable: started
  Checking if build backend supports build_editable: finished with status 'done'
  Getting requirements to build editable: started
  Getting requirements to build editable: finished with status 'done'
  Preparing editable metadata (pyproject.toml): started
  Preparing editable metadata (pyproject.toml): finished with status 'done'
Collecting streamlit
  Using cached streamlit-1.62.0-py3-none-any.whl.metadata (10 kB)
Collecting pandas
  Using cached pandas-2.3.3-cp310-cp310-manylinux_2_24_x86_64.manylinux_2_28_x86_64.whl.metadata (91 kB)
Collecting numpy>=1.24 (from civicmesh==0.1.0)
  Using cached numpy-2.2.6-cp310-cp310-manylinux_2_17_x86_64.manylinux2014_x86_64.whl.metadata (62 kB)
Collecting pyyaml>=6.0 (from civicmesh==0.1.0)
  Using cached pyyaml-6.0.3-cp310-cp310-manylinux2014_x86_64.manylinux_2_17_x86_64.manylinux_2_28_x86_64.whl.metadata (2.4 kB)
Collecting requests>=2.28 (from civicmesh==0.1.0)
  Using cached requests-2.34.2-py3-none-any.whl.metadata (4.8 kB)
Collecting pytest>=7.0 (from civicmesh==0.1.0)
  Using cached pytest-9.1.1-py3-none-any.whl.metadata (7.6 kB)
Collecting altair!=5.4.0,!=5.4.1,<7,>=5.0.0 (from streamlit)
  Using cached altair-6.2.2-py3-none-any.whl.metadata (11 kB)
Collecting blinker<2,>=1.5.0 (from streamlit)
  Using cached blinker-1.9.0-py3-none-any.whl.metadata (1.6 kB)
Collecting click<9,>=7.0 (from streamlit)
  Using cached click-8.4.2-py3-none-any.whl.metadata (2.6 kB)
Collecting packaging>=20 (from streamlit)
  Using cached packaging-26.3-py3-none-any.whl.metadata (3.5 kB)
Collecting pillow<13,>=7.1.0 (from streamlit)
  Using cached pillow-12.3.0-cp310-cp310-manylinux_2_27_x86_64.manylinux_2_28_x86_64.whl.metadata (9.1 kB)
Collecting pydeck<1,>=0.8.0b4 (from streamlit)
  Using cached pydeck-0.9.3-py2.py3-none-any.whl.metadata (4.2 kB)
Collecting protobuf<8,>=5.26.1 (from streamlit)
  Using cached protobuf-7.36.0-cp310-abi3-manylinux2014_x86_64.whl.metadata (595 bytes)
Collecting pyarrow!=25.0.0,<26,>=7.0 (from streamlit)
  Using cached pyarrow-25.0.1-cp310-cp310-manylinux_2_28_x86_64.whl.metadata (3.0 kB)
Collecting toml<2,>=0.10.1 (from streamlit)
  Using cached toml-0.10.2-py2.py3-none-any.whl.metadata (7.1 kB)
Collecting typing-extensions<5,>=4.10.0 (from streamlit)
  Using cached typing_extensions-4.16.0-py3-none-any.whl.metadata (3.3 kB)
Collecting starlette<2,>=0.46.0 (from streamlit)
  Using cached starlette-1.6.0-py3-none-any.whl.metadata (6.4 kB)
Collecting uvicorn<1,>=0.30.0 (from streamlit)
  Using cached uvicorn-0.52.4-py3-none-any.whl.metadata (6.6 kB)
Collecting httptools<1,>=0.6.3 (from streamlit)
  Using cached httptools-0.8.0-cp310-cp310-manylinux1_x86_64.manylinux_2_28_x86_64.manylinux_2_5_x86_64.whl.metadata (3.5 kB)
Collecting anyio<5,>=4.0.0 (from streamlit)
  Using cached anyio-4.14.2-py3-none-any.whl.metadata (4.6 kB)
Collecting python-multipart<1,>=0.0.10 (from streamlit)
  Using cached python_multipart-0.0.32-py3-none-any.whl.metadata (2.1 kB)
Collecting websockets<17,>=12.0.0 (from streamlit)
  Using cached websockets-16.1.1-cp310-cp310-manylinux1_x86_64.manylinux_2_28_x86_64.manylinux_2_5_x86_64.whl.metadata (6.8 kB)
Collecting itsdangerous<3,>=2.1.2 (from streamlit)
  Using cached itsdangerous-2.2.0-py3-none-any.whl.metadata (1.9 kB)
Collecting watchdog<7,>=2.1.5 (from streamlit)
  Using cached watchdog-6.0.0-py3-none-manylinux2014_x86_64.whl.metadata (44 kB)
Collecting python-dateutil>=2.8.2 (from pandas)
  Using cached python_dateutil-2.9.0.post0-py2.py3-none-any.whl.metadata (8.4 kB)
Collecting pytz>=2020.1 (from pandas)
  Using cached pytz-2026.3.post1-py2.py3-none-any.whl.metadata (22 kB)
Collecting tzdata>=2022.7 (from pandas)
  Using cached tzdata-2026.3-py2.py3-none-any.whl.metadata (1.4 kB)
Collecting jinja2 (from altair!=5.4.0,!=5.4.1,<7,>=5.0.0->streamlit)
  Using cached jinja2-3.1.6-py3-none-any.whl.metadata (2.9 kB)
Collecting jsonschema>=3.0 (from altair!=5.4.0,!=5.4.1,<7,>=5.0.0->streamlit)
  Using cached jsonschema-4.26.0-py3-none-any.whl.metadata (7.6 kB)
Collecting narwhals>=2.4.0 (from altair!=5.4.0,!=5.4.1,<7,>=5.0.0->streamlit)
  Using cached narwhals-2.25.0-py3-none-any.whl.metadata (15 kB)
Collecting exceptiongroup>=1.0.2 (from anyio<5,>=4.0.0->streamlit)
  Using cached exceptiongroup-1.3.1-py3-none-any.whl.metadata (6.7 kB)
Collecting idna>=2.8 (from anyio<5,>=4.0.0->streamlit)
  Using cached idna-3.19-py3-none-any.whl.metadata (9.2 kB)
Collecting charset_normalizer<4,>=2 (from requests>=2.28->civicmesh==0.1.0)
  Using cached charset_normalizer-3.5.1-cp310-cp310-manylinux2014_x86_64.manylinux_2_17_x86_64.manylinux_2_28_x86_64.whl.metadata (45 kB)
Collecting urllib3<3,>=1.26 (from requests>=2.28->civicmesh==0.1.0)
  Using cached urllib3-2.7.0-py3-none-any.whl.metadata (6.9 kB)
Collecting certifi>=2023.5.7 (from requests>=2.28->civicmesh==0.1.0)
  Using cached certifi-2026.7.22-py3-none-any.whl.metadata (2.5 kB)
Collecting h11>=0.8 (from uvicorn<1,>=0.30.0->streamlit)
  Using cached h11-0.16.0-py3-none-any.whl.metadata (8.3 kB)
Collecting MarkupSafe>=2.0 (from jinja2->altair!=5.4.0,!=5.4.1,<7,>=5.0.0->streamlit)
  Using cached markupsafe-3.0.3-cp310-cp310-manylinux2014_x86_64.manylinux_2_17_x86_64.manylinux_2_28_x86_64.whl.metadata (2.7 kB)
Collecting attrs>=22.2.0 (from jsonschema>=3.0->altair!=5.4.0,!=5.4.1,<7,>=5.0.0->streamlit)
  Using cached attrs-26.1.0-py3-none-any.whl.metadata (8.8 kB)
Collecting jsonschema-specifications>=2023.03.6 (from jsonschema>=3.0->altair!=5.4.0,!=5.4.1,<7,>=5.0.0->streamlit)
  Using cached jsonschema_specifications-2025.9.1-py3-none-any.whl.metadata (2.9 kB)
Collecting referencing>=0.28.4 (from jsonschema>=3.0->altair!=5.4.0,!=5.4.1,<7,>=5.0.0->streamlit)
  Using cached referencing-0.37.0-py3-none-any.whl.metadata (2.8 kB)
Collecting rpds-py>=0.25.0 (from jsonschema>=3.0->altair!=5.4.0,!=5.4.1,<7,>=5.0.0->streamlit)
  Downloading rpds_py-0.30.0-cp310-cp310-manylinux_2_17_x86_64.manylinux2014_x86_64.whl.metadata (4.1 kB)
Collecting iniconfig>=1.0.1 (from pytest>=7.0->civicmesh==0.1.0)
  Downloading iniconfig-2.3.0-py3-none-any.whl.metadata (2.5 kB)
Collecting pluggy<2,>=1.5 (from pytest>=7.0->civicmesh==0.1.0)
  Downloading pluggy-1.6.0-py3-none-any.whl.metadata (4.8 kB)
Collecting pygments>=2.7.2 (from pytest>=7.0->civicmesh==0.1.0)
  Downloading pygments-2.21.0-py3-none-any.whl.metadata (2.5 kB)
Collecting tomli>=1 (from pytest>=7.0->civicmesh==0.1.0)
  Downloading tomli-2.4.1-py3-none-any.whl.metadata (10 kB)
Collecting six>=1.5 (from python-dateutil>=2.8.2->pandas)
  Downloading six-1.17.0-py2.py3-none-any.whl.metadata (1.7 kB)
Downloading streamlit-1.62.0-py3-none-any.whl (10.5 MB)
   ━━━━━━━━━━━━━━━━━━━━━━━━━━━━━━━━━━━━━━━━ 10.5/10.5 MB 416.9 kB/s  0:00:24
Downloading pandas-2.3.3-cp310-cp310-manylinux_2_24_x86_64.manylinux_2_28_x86_64.whl (12.8 MB)
   ━━━━━━━━━━━━━━━━━━━━━━━━━━━━━━━━━━━━━━━━ 12.8/12.8 MB 242.4 kB/s  0:00:45
Downloading altair-6.2.2-py3-none-any.whl (797 kB)
   ━━━━━━━━━━━━━━━━━━━━━━━━━━━━━━━━━━━━━━━━ 797.6/797.6 kB 280.3 kB/s  0:00:07
Downloading anyio-4.14.2-py3-none-any.whl (125 kB)
Downloading blinker-1.9.0-py3-none-any.whl (8.5 kB)
Downloading click-8.4.2-py3-none-any.whl (119 kB)
Downloading httptools-0.8.0-cp310-cp310-manylinux1_x86_64.manylinux_2_28_x86_64.manylinux_2_5_x86_64.whl (450 kB)
Downloading itsdangerous-2.2.0-py3-none-any.whl (16 kB)
Downloading numpy-2.2.6-cp310-cp310-manylinux_2_17_x86_64.manylinux2014_x86_64.whl (16.8 MB)
   ━━━━━━━━━━━━━━━━━━━━━━━━━━━━━━━━━━━━━━━━ 16.8/16.8 MB 2.8 MB/s  0:00:06
Downloading pillow-12.3.0-cp310-cp310-manylinux_2_27_x86_64.manylinux_2_28_x86_64.whl (6.9 MB)
   ━━━━━━━━━━━━━━━━━━━━━━━━━━━━━━━━━━━━━━━━ 6.9/6.9 MB 3.2 MB/s  0:00:02
Downloading protobuf-7.36.0-cp310-abi3-manylinux2014_x86_64.whl (340 kB)
Downloading pyarrow-25.0.1-cp310-cp310-manylinux_2_28_x86_64.whl (50.1 MB)
   ━━━━━━━━━━━━━━━━━━━━━━━━━━━━━━━━━━━━━━━━ 50.1/50.1 MB 2.3 MB/s  0:00:22
Downloading pydeck-0.9.3-py2.py3-none-any.whl (11.4 MB)
   ━━━━━━━━━━━━━━━━━━━━━━━━━━━━━━━━━━━━━━━━ 11.4/11.4 MB 2.1 MB/s  0:00:05
Downloading python_multipart-0.0.32-py3-none-any.whl (30 kB)
Downloading requests-2.34.2-py3-none-any.whl (73 kB)
Downloading charset_normalizer-3.5.1-cp310-cp310-manylinux2014_x86_64.manylinux_2_17_x86_64.manylinux_2_28_x86_64.whl (261 kB)
Downloading idna-3.19-py3-none-any.whl (68 kB)
Downloading starlette-1.6.0-py3-none-any.whl (75 kB)
Downloading toml-0.10.2-py2.py3-none-any.whl (16 kB)
Downloading typing_extensions-4.16.0-py3-none-any.whl (45 kB)
Downloading urllib3-2.7.0-py3-none-any.whl (131 kB)
Downloading uvicorn-0.52.4-py3-none-any.whl (79 kB)
Downloading watchdog-6.0.0-py3-none-manylinux2014_x86_64.whl (79 kB)
Downloading websockets-16.1.1-cp310-cp310-manylinux1_x86_64.manylinux_2_28_x86_64.manylinux_2_5_x86_64.whl (186 kB)
Downloading certifi-2026.7.22-py3-none-any.whl (136 kB)
Downloading exceptiongroup-1.3.1-py3-none-any.whl (16 kB)
Downloading h11-0.16.0-py3-none-any.whl (37 kB)
Downloading jinja2-3.1.6-py3-none-any.whl (134 kB)
Downloading jsonschema-4.26.0-py3-none-any.whl (90 kB)
Downloading attrs-26.1.0-py3-none-any.whl (67 kB)
Downloading jsonschema_specifications-2025.9.1-py3-none-any.whl (18 kB)
Downloading markupsafe-3.0.3-cp310-cp310-manylinux2014_x86_64.manylinux_2_17_x86_64.manylinux_2_28_x86_64.whl (20 kB)
Downloading narwhals-2.25.0-py3-none-any.whl (467 kB)
Downloading packaging-26.3-py3-none-any.whl (129 kB)
Downloading pytest-9.1.1-py3-none-any.whl (386 kB)
Downloading pluggy-1.6.0-py3-none-any.whl (20 kB)
Downloading iniconfig-2.3.0-py3-none-any.whl (7.5 kB)
Downloading pygments-2.21.0-py3-none-any.whl (1.3 MB)
   ━━━━━━━━━━━━━━━━━━━━━━━━━━━━━━━━━━━━━━━━ 1.3/1.3 MB 1.9 MB/s  0:00:00
Downloading python_dateutil-2.9.0.post0-py2.py3-none-any.whl (229 kB)
Downloading pytz-2026.3.post1-py2.py3-none-any.whl (508 kB)
Downloading pyyaml-6.0.3-cp310-cp310-manylinux2014_x86_64.manylinux_2_17_x86_64.manylinux_2_28_x86_64.whl (770 kB)
   ━━━━━━━━━━━━━━━━━━━━━━━━━━━━━━━━━━━━━━━━ 770.3/770.3 kB 1.9 MB/s  0:00:00
Downloading referencing-0.37.0-py3-none-any.whl (26 kB)
Downloading rpds_py-0.30.0-cp310-cp310-manylinux_2_17_x86_64.manylinux2014_x86_64.whl (390 kB)
Downloading six-1.17.0-py2.py3-none-any.whl (11 kB)
Downloading tomli-2.4.1-py3-none-any.whl (14 kB)
Downloading tzdata-2026.3-py2.py3-none-any.whl (348 kB)
Building wheels for collected packages: civicmesh
  Building editable for civicmesh (pyproject.toml): started
  Building editable for civicmesh (pyproject.toml): finished with status 'done'
  Created wheel for civicmesh: filename=civicmesh-0.1.0-0.editable-py3-none-any.whl size=9097 sha256=10f93baa82b03c3f471508f4e324204db79280184618e253344bb788297e9a59
  Stored in directory: /tmp/pip-ephem-wheel-cache-b15sb0vb/wheels/fd/56/44/5dc8456c0181fbd738729da4b92c8863f1da094e3ee7fd4e63
Successfully built civicmesh
Installing collected packages: pytz, websockets, watchdog, urllib3, tzdata, typing-extensions, tomli, toml, six, rpds-py, pyyaml, python-multipart, pygments, pyarrow, protobuf, pluggy, pillow, packaging, numpy, narwhals, MarkupSafe, itsdangerous, iniconfig, idna, httptools, h11, click, charset_normalizer, certifi, blinker, attrs, uvicorn, requests, referencing, python-dateutil, jinja2, exceptiongroup, pytest, pydeck, pandas, jsonschema-specifications, anyio, starlette, jsonschema, altair, streamlit, civicmesh

Successfully installed MarkupSafe-3.0.3 altair-6.2.2 anyio-4.14.2 attrs-26.1.0 blinker-1.9.0 certifi-2026.7.22 charset_normalizer-3.5.1 civicmesh-0.1.0 click-8.4.2 exceptiongroup-1.3.1 h11-0.16.0 httptools-0.8.0 idna-3.19 iniconfig-2.3.0 itsdangerous-2.2.0 jinja2-3.1.6 jsonschema-4.26.0 jsonschema-specifications-2025.9.1 narwhals-2.25.0 numpy-2.2.6 packaging-26.3 pandas-2.3.3 pillow-12.3.0 pluggy-1.6.0 protobuf-7.36.0 pyarrow-25.0.1 pydeck-0.9.3 pygments-2.21.0 pytest-9.1.1 python-dateutil-2.9.0.post0 python-multipart-0.0.32 pytz-2026.3.post1 pyyaml-6.0.3 referencing-0.37.0 requests-2.34.2 rpds-py-0.30.0 six-1.17.0 starlette-1.6.0 streamlit-1.62.0 toml-0.10.2 tomli-2.4.1 typing-extensions-4.16.0 tzdata-2026.3 urllib3-2.7.0 uvicorn-0.52.4 watchdog-6.0.0 websockets-16.1.1

[setup] Verificando instalación...
-> OK: Streamlit 1.62.0 | Pandas 2.3.3 | CivicMesh listo

[setup] ¡Entorno virtual listo y compartido en: /home/ceph/gcabrera/Lab3-CivicMesh/.venv!
