[civicmesh] Job 1309982 — creando directorio de corrida: /home/ceph/gcabrera/civicmesh-runs/slurm-1309982
[civicmesh] Nodos CPU (Peers):   xicpu02, xicpu03
[civicmesh] Nodos GPU (Pub/UI):  xigpu01, xigpu02
[civicmesh] config.yaml copiado y dataset_path actualizado a ruta absoluta
[civicmesh] hostfile.txt generado (5 peers):
peer-1 xicpu02 9001 Santiago
peer-2 xicpu02 9002 Maipu
peer-3 xicpu02 9003 Pudahuel
peer-4 xicpu03 9004 Puente_Alto
peer-5 xicpu03 9005 La_Florida

[civicmesh] === FASE 1: Lanzando peers ===
[civicmesh]   peer-1 → xicpu02:9001 (Santiago)
[civicmesh]   peer-2 → xicpu02:9002 (Maipu)
[civicmesh]   peer-3 → xicpu02:9003 (Pudahuel)
[civicmesh]   peer-4 → xicpu03:9004 (Puente_Alto)
[civicmesh]   peer-5 → xicpu03:9005 (La_Florida)
[civicmesh] Esperando 5 peers (5s)...

[civicmesh] === FASE 2: Lanzando publicadores ===
[civicmesh]   publisher-crime-Santiago → xigpu01:9100
[civicmesh]   publisher-crime-Puente_Alto → xigpu01:9101
[civicmesh]   publisher-crime-Maipu → xigpu01:9102
[civicmesh]   publisher-crime-La_Florida → xigpu01:9103
[civicmesh]   publisher-crime-Pudahuel → xigpu01:9104
[civicmesh]   publisher-air-Santiago → xigpu02:9105
[civicmesh]   publisher-air-Puente_Alto → xigpu02:9106
[civicmesh]   publisher-air-Maipu → xigpu02:9107
[civicmesh]   publisher-air-La_Florida → xigpu02:9108
[civicmesh]   publisher-air-Pudahuel → xigpu02:9109

[civicmesh] === FASE 3: Lanzando frontend ===
[civicmesh] Frontend Streamlit → xigpu02:8501
[civicmesh] Para acceso remoto (SSH tunnel):
[civicmesh]   ssh -L 8501:xigpu02:8501 <usuario>@<login-diinf>

[civicmesh] === Esperando publicadores (20 pasos × 1.0s) ===
[civicmesh] Publicadores finalizaron.
[civicmesh] Métricas en: /home/ceph/gcabrera/civicmesh-runs/slurm-1309982/metrics/
[civicmesh] Frontend sigue activo en xigpu02:8501
[civicmesh] Job 1309982 finalizado.
[civicmesh] Limpiando procesos...
