[civicmesh] Job 1310011 — creando directorio de corrida: /home/ceph/gcabrera/Lab3-CivicMesh/civicmesh-runs/slurm-1310011
[civicmesh] Usando entorno virtual: /home/ceph/gcabrera/Lab3-CivicMesh/.venv
[civicmesh] Modo: 4 nodos (2 CPU batch + 2 GPU)
[civicmesh] Nodos CPU (Peers):        xicpu02 (1-3), xicpu03 (4-5)
[civicmesh] Nodo GPU (Publicadores):  xigpu01
[civicmesh] Nodo GPU (Frontend):      xigpu02
[civicmesh] config.yaml copiado y dataset_path actualizado a ruta absoluta
[civicmesh] hostfile.txt generado (5 peers):
peer-1 xicpu02 9001 Santiago
peer-2 xicpu02 9002 Maipu
peer-3 xicpu02 9003 Pudahuel
peer-4 xicpu03 9004 Puente_Alto
peer-5 xicpu03 9005 La_Florida

[civicmesh] === FASE 1: Lanzando peers en partición batch ===
[civicmesh]   peer-1 (SEED) → xicpu02:9001 (Santiago)
[civicmesh] Esperando inicialización del seed peer (2s)...
[civicmesh]   peer-2 → xicpu02:9002 (Maipu)
[civicmesh]   peer-3 → xicpu02:9003 (Pudahuel)
[civicmesh]   peer-4 → xicpu03:9004 (Puente_Alto)
[civicmesh]   peer-5 → xicpu03:9005 (La_Florida)
[civicmesh] Esperando 5 peers (3s)...

[civicmesh] === FASE 2: Lanzando publicadores en xigpu01 ===
[civicmesh]   publisher-crime-Santiago → xigpu01:9100
[civicmesh]   publisher-crime-Puente_Alto → xigpu01:9101
[civicmesh]   publisher-crime-Maipu → xigpu01:9102
[civicmesh]   publisher-crime-La_Florida → xigpu01:9103
[civicmesh]   publisher-crime-Pudahuel → xigpu01:9104
[civicmesh]   publisher-air-Santiago → xigpu01:9105
[civicmesh]   publisher-air-Puente_Alto → xigpu01:9106
[civicmesh]   publisher-air-Maipu → xigpu01:9107
[civicmesh]   publisher-air-La_Florida → xigpu01:9108
[civicmesh]   publisher-air-Pudahuel → xigpu01:9109

[civicmesh] === FASE 3: Lanzando frontend en xigpu02 ===
[civicmesh] Frontend Streamlit → xigpu02:8501
[civicmesh] Para acceso remoto (con VPN activa):
[civicmesh]   ssh -L 8501:xigpu02:8501 <usuario>@xi.diinf.usach.cl
[civicmesh]   Abrir http://localhost:8501

[civicmesh] === Esperando publicadores (20 pasos × 1.0s) ===
[civicmesh] Publicadores finalizaron con éxito.
[civicmesh] Métricas generadas en: /home/ceph/gcabrera/Lab3-CivicMesh/civicmesh-runs/slurm-1310011/metrics/
[civicmesh] Hostfile: /home/ceph/gcabrera/Lab3-CivicMesh/civicmesh-runs/slurm-1310011/hostfile.txt
[civicmesh] Frontend sigue activo en xigpu02:8501
[civicmesh] El job permanecerá activo hasta agotar --time o ser cancelado con scancel.
[civicmesh] Limpiando procesos...
[civicmesh] Job 1310011 finalizado.
[civicmesh] Limpiando procesos...
